test plan: targets=126 modules=93 workers=10 parallel=119 serial=7
[PASS] test_accepted_index.py tests=11 elapsed=0.18s
[PASS] test_liuren_current_state.py tests=3 elapsed=0.07s
[PASS] test_v51_dedicated_audit_contract.py::DedicatedAuditMachineContractTests.test_fengshui_mode_fails_closed tests=1 elapsed=0.39s
[PASS] test_v51_dedicated_audit_contract.py::DedicatedAuditMachineContractTests.test_duplicate_route_owned_id_fails_closed tests=1 elapsed=0.85s
[PASS] test_v51_dedicated_audit_contract.py::DedicatedAuditMachineContractTests.test_liuren_mode_fails_closed tests=1 elapsed=0.48s
[PASS] test_v51_dedicated_audit_contract.py::DedicatedAuditMachineContractTests.test_liuyao_mode_fails_closed tests=1 elapsed=0.47s
[PASS] test_v51_dedicated_audit_contract.py::DedicatedAuditMachineContractTests.test_meihua_mode_fails_closed tests=1 elapsed=0.51s
[PASS] test_v51_dedicated_audit_contract.py::DedicatedAuditMachineContractTests.test_physiognomy_mode_fails_closed tests=1 elapsed=0.43s
[PASS] test_v51_dedicated_audit_contract.py::DedicatedAuditMachineContractTests.test_qimen_mode_fails_closed tests=1 elapsed=0.42s
[PASS] test_release_deploy.py tests=22 elapsed=1.56s
[PASS] test_v51_dedicated_audit_contract.py::DedicatedAuditMachineContractTests.test_selection_mode_fails_closed tests=1 elapsed=0.51s
[PASS] test_v4_followup_state.py tests=9 elapsed=0.44s
[PASS] test_v51_dedicated_audit_contract.py::DedicatedAuditMachineContractTests.test_taiyi_mode_fails_closed tests=1 elapsed=0.47s
[PASS] test_v51_pending_atomicity.py tests=12 elapsed=0.22s
[PASS] test_v51_dedicated_audit_contract.py::DedicatedAuditIdentityContractTests.test_fengshui_provider_id_drift tests=1 elapsed=0.49s
[PASS] test_v51_dedicated_audit_contract.py::DedicatedAuditIdentityContractTests.test_fengshui_provider_version_drift tests=1 elapsed=0.48s
[PASS] test_v51_dedicated_audit_contract.py::DedicatedAuditIdentityContractTests.test_liuren_provider_version_drift tests=1 elapsed=0.49s
[PASS] test_v51_dedicated_audit_contract.py::DedicatedAuditIdentityContractTests.test_liuren_provider_id_drift tests=1 elapsed=0.53s
[PASS] test_v51_profile_store_isolation.py tests=3 elapsed=1.17s
[PASS] test_v51_state_token.py tests=23 elapsed=0.15s
[PASS] test_v51_dedicated_audit_contract.py::DedicatedAuditIdentityContractTests.test_meihua_provider_id_drift tests=1 elapsed=0.54s
[PASS] test_v51_dedicated_audit_contract.py::DedicatedAuditIdentityContractTests.test_meihua_provider_version_drift tests=1 elapsed=0.43s
[PASS] test_v51_dedicated_audit_contract.py::DedicatedAuditIdentityContractTests.test_liuyao_result_system_drift tests=1 elapsed=1.92s
[PASS] test_v51_dedicated_audit_contract.py::DedicatedAuditIdentityContractTests.test_meihua_result_system_drift tests=1 elapsed=0.94s
[PASS] test_v51_dedicated_audit_contract.py::DedicatedAuditIdentityContractTests.test_physiognomy_provider_id_drift tests=1 elapsed=0.47s
[PASS] test_v51_dedicated_audit_contract.py::DedicatedAuditIdentityContractTests.test_physiognomy_provider_version_drift tests=1 elapsed=0.46s
[PASS] test_v51_dedicated_audit_contract.py::DedicatedAuditIdentityContractTests.test_qimen_provider_version_drift tests=1 elapsed=0.47s
[PASS] test_v51_dedicated_audit_contract.py::DedicatedAuditIdentityContractTests.test_qimen_provider_id_drift tests=1 elapsed=0.48s
[PASS] test_v51_dedicated_audit_contract.py::DedicatedAuditIdentityContractTests.test_selection_provider_id_drift tests=1 elapsed=0.47s
[PASS] test_v51_dedicated_audit_contract.py::DedicatedAuditIdentityContractTests.test_selection_provider_version_drift tests=1 elapsed=0.48s
[PASS] test_v51_dedicated_audit_contract.py::DedicatedAuditIdentityContractTests.test_taiyi_provider_id_drift tests=1 elapsed=0.47s
[PASS] test_v51_dedicated_audit_contract.py::DedicatedAuditIdentityContractTests.test_taiyi_provider_version_drift tests=1 elapsed=0.49s
[PASS] test_v51_selection_completion.py::SelectionProviderActivationTests tests=30 elapsed=29.33s
[PASS] test_v51_qimen_completion.py tests=47 elapsed=128.43s
[PASS] test_algorithm_source_dependencies.py tests=13 elapsed=2.97s
[PASS] test_audit_process_budget.py tests=2 elapsed=0.32s
[PASS] test_audit_release_archive.py tests=7 elapsed=1.00s
[PASS] test_audit_test_session.py tests=2 elapsed=0.08s
[PASS] test_bazi_batch_prepare.py tests=3 elapsed=0.10s
[PASS] test_bazi_case_prepare.py tests=6 elapsed=0.48s
[PASS] test_bazi_fact_adapter.py tests=50 elapsed=5.01s
[PASS] test_benchmark_compare.py tests=3 elapsed=0.07s
[PASS] test_calendar_core.py tests=10 elapsed=0.26s
[PASS] test_calendar_solar_semantics.py tests=32 elapsed=0.15s
[PASS] test_case_import.py tests=4 elapsed=0.08s
[PASS] test_ephemeris_core.py tests=3 elapsed=0.11s
[PASS] test_evidence_independence.py tests=4 elapsed=0.06s
[PASS] test_liuren_fact_adapter.py tests=33 elapsed=1.42s
[PASS] test_near_time_fortune_adapter.py tests=10 elapsed=1.01s
[PASS] test_optimization_tools.py tests=11 elapsed=0.12s
[PASS] test_parallel_test_runner.py tests=11 elapsed=1.67s
[PASS] test_prediction_freeze.py tests=11 elapsed=0.07s
[PASS] test_provider_time_policy_matrix.py tests=12 elapsed=3.31s
[PASS] test_provision_runtime.py tests=10 elapsed=0.34s
[PASS] test_public_time_semantics.py tests=23 elapsed=9.78s
[PASS] test_reading_engine_v2.py tests=10 elapsed=0.32s
[PASS] test_reading_evidence_bundle.py tests=8 elapsed=0.74s
[PASS] test_reading_source_plan.py tests=11 elapsed=0.37s
[PASS] test_reading_transaction_cli.py tests=4 elapsed=0.26s
[PASS] test_reference_catalog.py tests=6 elapsed=0.19s
[PASS] test_release_version.py tests=4 elapsed=0.21s
[PASS] test_repository_privacy.py tests=2 elapsed=0.19s
[PASS] test_runtime_launcher.py tests=9 elapsed=0.84s
[PASS] test_runtime_python.py tests=24 elapsed=1.33s
[PASS] test_single_authority_contract.py tests=4 elapsed=0.26s
[PASS] test_skill_metadata.py tests=4 elapsed=0.09s
[PASS] test_structured_chart_adapter.py tests=11 elapsed=0.11s
[PASS] test_time_basis_profile_consistency.py tests=7 elapsed=1.59s
[PASS] test_v4_conversation_trajectories.py tests=1 elapsed=0.09s
[PASS] test_v4_intake_conversation.py tests=3 elapsed=0.26s
[PASS] test_v4_providers.py tests=4 elapsed=0.59s
[PASS] test_v4_request_contract.py tests=11 elapsed=0.16s
[PASS] test_v4_skill_minimalism.py tests=16 elapsed=0.85s
[PASS] test_v51_active_artifact_minimalism.py tests=6 elapsed=1.01s
[PASS] test_v51_algorithm_dependency_declarations.py tests=5 elapsed=0.31s
[PASS] test_v51_bazi_fortune_completion.py tests=15 elapsed=2.84s
[PASS] test_v51_liuren_completion.py tests=26 elapsed=159.22s
[PASS] test_v51_calendar_ephemeris_core.py tests=10 elapsed=1.01s
[PASS] test_v51_catalog_driven_registry.py tests=25 elapsed=0.26s
[PASS] test_v51_bazi_provider_audit.py tests=9 elapsed=22.38s
[PASS] test_v51_closed_world_brief.py tests=15 elapsed=1.27s
[PASS] test_v51_conversation_contract.py tests=9 elapsed=1.76s
[PASS] test_v51_cross_host_contract.py tests=8 elapsed=3.22s
[PASS] test_v51_classical_evidence_bindings.py tests=16 elapsed=41.29s
[PASS] test_v51_dedicated_audit_contract.py::IndependentOracleStrengthTests tests=3 elapsed=1.25s
[PASS] test_v51_provider_completeness.py::ProviderCompletenessMatrixTests tests=66 elapsed=259.61s
[PASS] test_v51_evidence_applicability.py tests=18 elapsed=12.21s
[PASS] test_v51_evidence_fact_ref_closure.py tests=7 elapsed=10.81s
[PASS] test_v51_evidence_source_integrity.py tests=8 elapsed=6.72s
[PASS] test_v51_fact_contracts.py tests=52 elapsed=18.94s
[PASS] test_v51_fact_validation_compat.py tests=10 elapsed=1.06s
[PASS] test_v51_fengshui_completion.py tests=49 elapsed=1.76s
[PASS] test_v51_fortune_provider_audit.py tests=6 elapsed=7.64s
[PASS] test_v51_dedicated_audit_contract.py::ReleaseBoundFixtureTests tests=3 elapsed=80.49s
[PASS] test_v51_liuyao_completion.py tests=53 elapsed=10.03s
[PASS] test_v51_liuyao_meihua_provider_replay.py tests=9 elapsed=7.60s
[PASS] test_v51_luming_completion.py tests=21 elapsed=0.90s
[PASS] test_v51_luming_provider_replay.py tests=5 elapsed=1.13s
[PASS] test_v51_meihua_completion.py tests=29 elapsed=1.21s
[PASS] test_v51_model_replay.py tests=41 elapsed=0.20s
[PASS] test_v51_model_selection_fallback.py tests=18 elapsed=0.15s
[PASS] test_v51_outcome_calibration.py tests=36 elapsed=0.63s
[PASS] test_v51_p1_rework.py tests=32 elapsed=0.20s
[PASS] test_v51_horizon_input_resilience.py tests=52 elapsed=25.87s
[PASS] test_v51_portable_interface.py tests=19 elapsed=3.50s
[PASS] test_v51_provider_adapter_locality.py tests=17 elapsed=0.75s
[PASS] test_v51_physiognomy_completion.py tests=83 elapsed=9.99s
[PASS] test_v51_provider_completeness.py::BoundaryProofContractTests tests=13 elapsed=4.66s
[PASS] test_v51_dedicated_audit_contract.py::DedicatedAuditLiveContractTests tests=2 elapsed=174.97s
[PASS] test_v51_provider_completeness.py::SourcePackReplayContractTests tests=8 elapsed=0.36s
[PASS] test_v51_provider_finding_contract.py tests=8 elapsed=1.38s
[PASS] test_v51_provider_completeness.py::EvidenceScopeBindingTests tests=13 elapsed=30.49s
[PASS] test_v51_release_surface.py tests=3 elapsed=3.91s
[PASS] test_v51_selection_completion.py::SelectionFixtureContractTests tests=36 elapsed=7.94s
[PASS] test_v51_selection_source_audit.py tests=20 elapsed=9.29s
[PASS] test_v51_taiyi_completion.py tests=23 elapsed=6.75s
[PASS] test_v51_taiyi_source_audit.py tests=11 elapsed=0.39s
[PASS] test_v51_taiyi_independent_review.py tests=9 elapsed=6.35s
[PASS] test_v51_xingming_completion.py tests=19 elapsed=5.79s
[PASS] test_v51_provider_completeness.py::LiveProviderDeclarationTests tests=18 elapsed=52.52s
[PASS] test_v51_ziwei_completion.py tests=11 elapsed=4.50s
[PASS] test_ziwei_fact_adapter.py tests=4 elapsed=0.31s
[PASS] test_v51_provider_completeness.py::CanonicalMatrixSnapshotTests tests=2 elapsed=414.92s
[PASS] test_v51_xingming_provider_replay.py tests=6 elapsed=15.52s
[PASS] test_v51_ziwei_provider_audit.py tests=8 elapsed=26.94s
[PASS] test_v51_remaining_provider_replays.py tests=5 elapsed=19.21s
summary: targets=126 modules=93 tests=1584 failed_modules=0 elapsed=434.13s
